Script started on Sun 31 Mar 2019 08:54:53 PM UTC
[01;32mliftedresearch[00m:[01;34m~/workspace/javascript101/wikipediaAPI[00m (master) $ git oush[K[K[K[Kpush
Warning: Permanently added 'github.com,192.30.253.112' (RSA) to the list of known hosts.
Everything up-to-date
[01;32mliftedresearch[00m:[01;34m~/workspace/javascript101/wikipediaAPI[00m (master) $ [K[01;32mliftedresearch[00m:[01;34m~/workspace/javascript101/wikipediaAPI[00m (master) $ 
[01;32mliftedresearch[00m:[01;34m~/workspace/javascript101/wikipediaAPI[00m (master) $ [K[01;32mliftedresearch[00m:[01;34m~/workspace/javascript101/wikipediaAPI[00m (master) $ git add -A 
[01;32mliftedresearch[00m:[01;34m~/workspace/javascript101/wikipediaAPI[00m (master) $ git commit -m ""a"d"d"e"d" "s"o"m"e" "s" M[01;32mliftedresearch[00m:[01;34m~/workspace/javascript101/wikipediaAPI[00m (master) $ [C[C[C[C[C[C[C[C[C[C[C[C[C[C[C[C[C[C[C[C[C[C[C[C[C[C[Ct""y"l"i"n"g" "[1P" "[1P"[1P"[1P"[1P"[1P"[1P"M[C[C[C[C[C[C[C[C[C[C[C[C[C[C[C[C[C[C[C[C[C[C[C[C[C[C[C[C[C[C[C[C[C[C[C[C[C[C[C[C[C[C[C[C[C[C[C[C[C[C[C[C[C[C[C[C[C[C[C[C[C[C[C[C[C[C[C[C[C[C[C[C[C[C[C[C[C[C[C[C[C[C[C[C[C[C[C[C[C[C[C[C" [KM[C[C[C[C[C[C[C[C[C[C[C[C[C[C[C[C[C[C[C[C[C[C[C[C[C[C[C[C[C[C[C[C[C[C[C[C[C[C[C[C[C[C[C[C[C[C[C[C[C[C[C[C[C[C[C[C[C[C[C[C[C[C[C[C[C[C[C[C[C[C[C[C[C[C[C[C[C[C[C[C[C[C[C[C[C[C[C[C[C[C[C[C[1P"
[KM[C[C[C[C[C[C[C[C[C[C[C[C[C[C[C[C[C[C[C[C[C[C[C[C[C[C[C[C[C[C[C[C[C[C[C[C[C[C[C[C[C[C[C[C[C[C[C[C[C[C[C[C[C[C[C[C[C[C[C[C[C[C[C[C[C[C[C[C[C[C[C[C[C[C[C[C[C[C[C[C[C[C[C[C[C[C[C[C[C[C[C[1P" "f" M[01;32mliftedresearch[00m:[01;34m~/workspace/javascript101/wikipediaAPI[00m (master) $ [C[C[C[C[C[C[C[C[C[C[C[C[C[C[C[C[C[C[C[C[C[C[C[C[C[C[Co""n"t" "s"t"y"l"i"n"g" "a"n"d" "r"e"m"o"b"[1P"v"e"d" "s"o"m"e" "t"e"x"t" "a"n"d" "l"s"i"t"[1P"[1P"[1P"i"s"t" "d"e"c"o"r"a"t"i"o"n"
[master 50e246a] added some font styling and removed some text and list decoration
 4 files changed, 39 insertions(+), 20 deletions(-)
 create mode 100644 added
[01;32mliftedresearch[00m:[01;34m~/workspace/javascript101/wikipediaAPI[00m (master) $ git poush[K[K[K[Kushg[K
Warning: Permanently added 'github.com,192.30.253.112' (RSA) to the list of known hosts.
Counting objects: 6, done.
Delta compression using up to 8 threads.
Compressing objects:  20% (1/5)   Compressing objects:  40% (2/5)   Compressing objects:  60% (3/5)   Compressing objects:  80% (4/5)   Compressing objects: 100% (5/5)   Compressing objects: 100% (5/5), done.
Writing objects:  16% (1/6)   Writing objects:  33% (2/6)   Writing objects:  50% (3/6)   Writing objects:  66% (4/6)   Writing objects:  83% (5/6)   Writing objects: 100% (6/6)   Writing objects: 100% (6/6), 1.09 KiB | 1.09 MiB/s, done.
Total 6 (delta 2), reused 0 (delta 0)
remote: Resolving deltas:   0% (0/2)   [Kremote: Resolving deltas:  50% (1/2)   [Kremote: Resolving deltas: 100% (2/2)   [Kremote: Resolving deltas: 100% (2/2), completed with 2 local objects.[K
To github.com:Daniel-Choiniere/wikipediaAPI.git
   11eca4d..50e246a  master -> master
[01;32mliftedresearch[00m:[01;34m~/workspace/javascript101/wikipediaAPI[00m (master) $ [K[01;32mliftedresearch[00m:[01;34m~/workspace/javascript101/wikipediaAPI[00m (master) $ git add -A
[01;32mliftedresearch[00m:[01;34m~/workspace/javascript101/wikipediaAPI[00m (master) $ git commit -m :[K""a"d"[1P"[1P"m"o"r"e" "f"o"n"t" "s"t"y"l"i"n"g" "[1P" "t"o" "r"[1P"s"[1P"s"e"a"r"c" "[1P"[1P"c"h" " M[01;32mliftedresearch[00m:[01;34m~/workspace/javascript101/wikipediaAPI[00m (master) $ [C[C[C[C[C[C[C[C[C[C[C[C[C[C[C[C[C[C[C[C[C[C[C[C[C[C[C[C[C[C[C[C[C[C[C[C[C[C[C[C[C[C[Cr""e"s"u"k"t"s"[1P"[1P"[1P"[1P"[1P"[1P"M[C[C[C[C[C[C[C[C[C[C[C[C[C[C[C[C[C[C[C[C[C[C[C[C[C[C[C[C[C[C[C[C[C[C[C[C[C[C[C[C[C[C[C[C[C[C[C[C[C[C[C[C[C[C[C[C[C[C[C[C[C[C[C[C[C[C[C[C[C[C[C[C[C[C[C[C[C[C[C[C[C[C[C[C[C[C[C[C[C[C[C[C[C[C[C[C[C[C[C[C[C[C[C[C[C[C[C[C" [KM[C[C[C[C[C[C[C[C[C[C[C[C[C[C[C[C[C[C[C[C[C[C[C[C[C[C[C[C[C[C[C[C[C[C[C[C[C[C[C[C[C[C[C[C[C[C[C[C[C[C[C[C[C[C[C[C[C[C[C[C[C[C[C[C[C[C[C[C[C[C[C[C[C[C[C[C[C[C[C[C[C[C[C[C[C[C[C[C[C[C[C[C[C[C[C[C[C[C[C[C[C[C[C[C[C[C[C[Cr""e"u"l"t"s"," "a"d"d"e"d" "m"a"i"n" "i"o"m"a"g"e" "[1P"[1P"[1P"[1P"[1P"[1P"n"[1P"m"a"g"e"r"[1P"," "s"e"r"[1P"[1P"[1P"[1P"[1P"[1@ [1@a[1@n[1@d[1@ [1@t[1@i[1@t[1@l[1@e
[master 66bc9f9] more font styling to search reults and title, added main image
 3 files changed, 11 insertions(+), 4 deletions(-)
[01;32mliftedresearch[00m:[01;34m~/workspace/javascript101/wikipediaAPI[00m (master) $ git push
Warning: Permanently added 'github.com,192.30.253.113' (RSA) to the list of known hosts.
Counting objects: 5, done.
Delta compression using up to 8 threads.
Compressing objects:  20% (1/5)   Compressing objects:  40% (2/5)   Compressing objects:  60% (3/5)   Compressing objects:  80% (4/5)   Compressing objects: 100% (5/5)   Compressing objects: 100% (5/5), done.
Writing objects:  20% (1/5)   Writing objects:  40% (2/5)   Writing objects:  60% (3/5)   Writing objects:  80% (4/5)   Writing objects: 100% (5/5)   Writing objects: 100% (5/5), 9.96 KiB | 9.96 MiB/s, done.
Total 5 (delta 1), reused 0 (delta 0)
remote: Resolving deltas:   0% (0/1)   [Kremote: Resolving deltas: 100% (1/1)   [Kremote: Resolving deltas: 100% (1/1), completed with 1 local object.[K
To github.com:Daniel-Choiniere/wikipediaAPI.git
   50e246a..66bc9f9  master -> master
[01;32mliftedresearch[00m:[01;34m~/workspace/javascript101/wikipediaAPI[00m (master) $ [K[01;32mliftedresearch[00m:[01;34m~/workspace/javascript101/wikipediaAPI[00m (master) $ git add -A\[K git co[K[K[K[K[K[K
[01;32mliftedresearch[00m:[01;34m~/workspace/javascript101/wikipediaAPI[00m (master) $ git commit -m ""w"h"e"n" "u"s"e"r" "s"u"b"k"i"t"s" "[1P"[1P"[1P"[1P"[1P"m"i"t"s" "q"u"e"r"y" "[1P"," "s"e"r" M[01;32mliftedresearch[00m:[01;34m~/workspace/javascript101/wikipediaAPI[00m (master) $ [C[C[C[C[C[C[C[C[C[C[C[C[C[C[C[C[C[C[C[C[C[C[C[C[C[C[C[C[C[C[C[C[C[C[C[C[C[C[C[C[C[C[Ca""c"[1P"M[C[C[C[C[C[C[C[C[C[C[C[C[C[C[C[C[C[C[C[C[C[C[C[C[C[C[C[C[C[C[C[C[C[C[C[C[C[C[C[C[C[C[C[C[C[C[C[C[C[C[C[C[C[C[C[C[C[C[C[C[C[C[C[C[C[C[C[C[C[C[C[C[C[C[C[C[C[C[C[C[C[C[C[C[C[C[C[C[C[C[C[C[C[C[C[C[C[C[C[C[C[C[C[C[C[C[C[C" [KM[C[C[C[C[C[C[C[C[C[C[C[C[C[C[C[C[C[C[C[C[C[C[C[C[C[C[C[C[C[C[C[C[C[C[C[C[C[C[C[C[C[C[C[C[C[C[C[C[C[C[C[C[C[C[C[C[C[C[C[C[C[C[C[C[C[C[C[C[C[C[C[C[C[C[C[C[C[C[C[C[C[C[C[C[C[C[C[C[C[C[C[C[C[C[C[C[C[C[C[C[C[C[C[C[C[C[C[C[1P"
[KM[C[C[C[C[C[C[C[C[C[C[C[C[C[C[C[C[C[C[C[C[C[C[C[C[C[C[C[C[C[C[C[C[C[C[C[C[C[C[C[C[C[C[C[C[C[C[C[C[C[C[C[C[C[C[C[C[C[C[C[C[C[C[C[C[C[C[C[C[C[C[C[C[C[C[C[C[C[C[C[C[C[C[C[C[C[C[C[C[C[C[C[C[C[C[C[C[C[C[C[C[C[C[C[C[C[C[C[1P"[1P"s"e"a" M[01;32mliftedresearch[00m:[01;34m~/workspace/javascript101/wikipediaAPI[00m (master) $ [C[C[C[C[C[C[C[C[C[C[C[C[C[C[C[C[C[C[C[C[C[C[C[C[C[C[C[C[C[C[C[C[C[C[C[C[C[C[C[C[C[C[Cr""c"h" "b"o"x" "r"e"s"t"s" "[1P"[1P"[1P"[1P"s"e"t"s" "t"o" "e"m"p"t"y"
[master 2b121cf] when user submits query, search box resets to empty
 4 files changed, 30 insertions(+), 6 deletions(-)
[01;32mliftedresearch[00m:[01;34m~/workspace/javascript101/wikipediaAPI[00m (master) $ git oyus[K[K[K[Kpush
Warning: Permanently added 'github.com,192.30.253.112' (RSA) to the list of known hosts.
Counting objects: 6, done.
Delta compression using up to 8 threads.
Compressing objects:  16% (1/6)   Compressing objects:  33% (2/6)   Compressing objects:  50% (3/6)   Compressing objects:  66% (4/6)   Compressing objects:  83% (5/6)   Compressing objects: 100% (6/6)   Compressing objects: 100% (6/6), done.
Writing objects:  16% (1/6)   Writing objects:  33% (2/6)   Writing objects:  50% (3/6)   Writing objects:  66% (4/6)   Writing objects:  83% (5/6)   Writing objects: 100% (6/6)   Writing objects: 100% (6/6), 1.45 KiB | 1.45 MiB/s, done.
Total 6 (delta 3), reused 0 (delta 0)
remote: Resolving deltas:   0% (0/3)   [Kremote: Resolving deltas:  33% (1/3)   [Kremote: Resolving deltas:  66% (2/3)   [Kremote: Resolving deltas: 100% (3/3)   [Kremote: Resolving deltas: 100% (3/3), completed with 3 local objects.[K
To github.com:Daniel-Choiniere/wikipediaAPI.git
   66bc9f9..2b121cf  master -> master
[01;32mliftedresearch[00m:[01;34m~/workspace/javascript101/wikipediaAPI[00m (master) $ [K[01;32mliftedresearch[00m:[01;34m~/workspace/javascript101/wikipediaAPI[00m (master) $ git add -A
[01;32mliftedresearch[00m:[01;34m~/workspace/javascript101/wikipediaAPI[00m (master) $ git commit -m ""w"i"k"i"p"e"d"i"a" "a"p"p" "i"s" "f"u"l"l"y" "f"u"n"c"t"i"t"i"o"n"a"[1P"[1P"[1P"[1P"[1P"o"b"a"[1P"n"a"l" "[1P"[1P"[1P"[1P"[1P"[1P"n"a"l" "a"n"d" "U"I" "i"s" " M[01;32mliftedresearch[00m:[01;34m~/workspace/javascript101/wikipediaAPI[00m (master) $ [C[C[C[C[C[C[C[C[C[C[C[C[C[C[C[C[C[C[C[C[C[C[C[C[C[C[C[C[C[C[C[C[C[C[C[C[C[C[C[C[C[C[C[C[C[C[C[C[C[C[C[C[C[C[C[C[C[Cc""l"r"a"n" "[1P"[1P"[1P"[1P"[1P"M[C[C[C[C[C[C[C[C[C[C[C[C[C[C[C[C[C[C[C[C[C[C[C[C[C[C[C[C[C[C[C[C[C[C[C[C[C[C[C[C[C[C[C[C[C[C[C[C[C[C[C[C[C[C[C[C[C[C[C[C[C[C[C[C[C[C[C[C[C[C[C[C[C[C[C[C[C[C[C[C[C[C[C[C[C[C[C[C[C[C[C[C[C[C[C[C[C[C[C[C[C[C[C[C[C[C[C[C[C[C[C[C[C[C[C[C[C[C[C[C[C[C[C" [KM[C[C[C[C[C[C[C[C[C[C[C[C[C[C[C[C[C[C[C[C[C[C[C[C[C[C[C[C[C[C[C[C[C[C[C[C[C[C[C[C[C[C[C[C[C[C[C[C[C[C[C[C[C[C[C[C[C[C[C[C[C[C[C[C[C[C[C[C[C[C[C[C[C[C[C[C[C[C[C[C[C[C[C[C[C[C[C[C[C[C[C[C[C[C[C[C[C[C[C[C[C[C[C[C[C[C[C[C[C[C[C[C[C[C[C[C[C[C[C[C[C[C[C[1P"
[KM[C[C[C[C[C[C[C[C[C[C[C[C[C[C[C[C[C[C[C[C[C[C[C[C[C[C[C[C[C[C[C[C[C[C[C[C[C[C[C[C[C[C[C[C[C[C[C[C[C[C[C[C[C[C[C[C[C[C[C[C[C[C[C[C[C[C[C[C[C[C[C[C[C[C[C[C[C[C[C[C[C[C[C[C[C[C[C[C[C[C[C[C[C[C[C[C[C[C[C[C[C[C[C[C[C[C[C[C[C[C[C[C[C[C[C[C[C[C[C[C[C[C " M[01;32mliftedresearch[00m:[01;34m~/workspace/javascript101/wikipediaAPI[00m (master) $ [C[C[C[C[C[C[C[C[C[C[C[C[C[C[C[C[C[C[C[C[C[C[C[C[C[C[C[C[C[C[C[C[C[C[C[C[C[C[C[C[C[C[C[C[C[C[C[C[C[C[C[C[C[C[C[C[C[Cc""l"e"a"n" "a"n" "[1P"s" "s"i"m"p"l"e"
[master 82ae51c] wikipedia app is fully functinal and UI is clean ans simple
 3 files changed, 56 insertions(+), 34 deletions(-)
 rewrite index.html (94%)
[01;32mliftedresearch[00m:[01;34m~/workspace/javascript101/wikipediaAPI[00m (master) $ git push
